2025-09-13 21:11:14.802: [INFO] OnDoneLoading sync enabled: 0
2025-09-13 21:11:26.860: [INFO] OnDoneLoading sync enabled: 0
2025-09-16 03:42:40.283: [INFO] OnDoneLoading sync enabled: 0
2025-09-18 03:28:45.471: [INFO] OnDoneLoading sync enabled: 0
2025-09-19 04:04:20.821: [INFO] OnDoneLoading sync enabled: 0
2025-09-21 20:24:18.221: [INFO] OnDoneLoading sync enabled: 0
2025-09-23 03:18:46.691: [INFO] OnDoneLoading sync enabled: 0
2025-09-24 00:36:41.192: [INFO] OnDoneLoading sync enabled: 0
2025-09-24 23:47:32.430: [INFO] OnDoneLoading sync enabled: 0
2025-09-30 01:55:55.453: [INFO] OnDoneLoading sync enabled: 0
2025-10-01 03:43:20.597: [INFO] OnDoneLoading sync enabled: 0
2025-10-01 11:32:58.802: [INFO] OnDoneLoading sync enabled: 0
2025-10-02 03:11:13.551: [INFO] OnDoneLoading sync enabled: 0
2025-10-03 03:21:59.131: [INFO] OnDoneLoading sync enabled: 0
2025-10-04 02:38:37.005: [INFO] OnDoneLoading sync enabled: 0
2025-10-06 12:07:56.916: [INFO] OnDoneLoading sync enabled: 0
2025-10-08 03:10:33.499: [INFO] OnDoneLoading sync enabled: 0
2025-10-09 02:43:04.267: [INFO] OnDoneLoading sync enabled: 0
2025-10-10 02:41:12.074: [INFO] OnDoneLoading sync enabled: 0
2025-10-14 02:57:47.424: [INFO] OnDoneLoading sync enabled: 0
2025-10-15 02:25:33.988: [INFO] OnDoneLoading sync enabled: 0
2025-10-15 11:12:25.163: [INFO] OnDoneLoading sync enabled: 0
2025-10-16 01:15:29.324: [INFO] OnDoneLoading sync enabled: 0
2025-10-19 20:14:09.190: [INFO] OnDoneLoading sync enabled: 0
2025-10-21 02:33:59.589: [INFO] OnDoneLoading sync enabled: 0
2025-10-22 02:25:51.519: [INFO] OnDoneLoading sync enabled: 0
2025-10-28 01:22:02.285: [INFO] OnDoneLoading sync enabled: 0
2025-10-29 17:32:28.727: [INFO] OnDoneLoading sync enabled: 0
2025-10-31 02:51:18.291: [INFO] OnDoneLoading sync enabled: 0
2025-11-01 18:09:40.678: [INFO] OnDoneLoading sync enabled: 0
2025-11-02 22:20:56.945: [INFO] OnDoneLoading sync enabled: 0
2025-11-06 02:48:05.573: [INFO] OnDoneLoading sync enabled: 0
2025-11-08 14:27:52.712: [INFO] OnDoneLoading sync enabled: 0
2025-11-20 13:23:37.256: [INFO] OnDoneLoading sync enabled: 0
2025-11-22 13:59:25.450: [INFO] OnDoneLoading sync enabled: 0
2025-11-25 02:34:32.284: [INFO] OnDoneLoading sync enabled: 0
2025-12-02 03:25:13.807: [INFO] OnDoneLoading sync enabled: 0
2025-12-04 01:58:47.208: [INFO] OnDoneLoading sync enabled: 0
2025-12-06 15:57:30.792: [INFO] OnDoneLoading sync enabled: 0
2025-12-10 02:45:22.273: [INFO] OnDoneLoading sync enabled: 0
2025-12-11 15:37:52.075: [INFO] OnDoneLoading sync enabled: 0
2025-12-16 03:12:24.360: [INFO] OnDoneLoading sync enabled: 0
2025-12-16 03:13:37.957: [INFO] OnDoneLoading sync enabled: 0
2025-12-19 11:41:58.242: [INFO] OnDoneLoading sync enabled: 0
2025-12-24 02:37:37.950: [INFO] OnDoneLoading sync enabled: 0
2025-12-24 02:39:19.198: [INFO] OnDoneLoading sync enabled: 0
2025-12-24 02:41:31.582: [INFO] OnDoneLoading sync enabled: 0
2025-12-24 02:41:37.836: [INFO] OnDoneLoading sync enabled: 0
2025-12-24 02:42:20.300: [INFO] OnDoneLoading sync enabled: 0
2025-12-24 02:48:18.104: [INFO] OnDoneLoading sync enabled: 0
2025-12-24 11:32:00.274: [INFO] OnDoneLoading sync enabled: 0
2025-12-27 16:02:39.824: [INFO] OnDoneLoading sync enabled: 0
2025-12-27 16:02:50.238: [INFO] OnDoneLoading sync enabled: 0
2025-12-27 16:03:04.953: [INFO] OnDoneLoading sync enabled: 0
2025-12-28 20:36:21.361: [INFO] OnDoneLoading sync enabled: 0
2025-12-29 14:31:52.353: [INFO] OnDoneLoading sync enabled: 0
2026-01-05 21:14:18.774: [INFO] OnDoneLoading sync enabled: 0
2026-01-05 21:16:49.739: [INFO] OnDoneLoading sync enabled: 0
2026-01-05 21:19:54.471: [INFO] OnDoneLoading sync enabled: 0
2026-01-06 02:28:04.166: [INFO] OnDoneLoading sync enabled: 0
2026-01-06 02:31:04.269: [INFO] OnDoneLoading sync enabled: 0
2026-01-06 15:05:05.302: [INFO] OnDoneLoading sync enabled: 0
2026-01-06 20:14:15.120: [INFO] OnDoneLoading sync enabled: 0
2026-01-07 20:58:25.137: [INFO] OnDoneLoading sync enabled: 0
2026-01-07 20:59:22.483: [INFO] OnDoneLoading sync enabled: 0
2026-01-07 21:03:06.970: [INFO] OnDoneLoading sync enabled: 0
2026-01-07 21:11:24.606: [INFO] OnDoneLoading sync enabled: 0
2026-01-09 02:26:44.621: [INFO] OnDoneLoading sync enabled: 0
2026-01-09 02:32:38.346: [INFO] OnDoneLoading sync enabled: 0
2026-01-09 21:25:39.428: [INFO] OnDoneLoading sync enabled: 0
2026-01-14 02:43:34.364: [INFO] OnDoneLoading sync enabled: 0
2026-01-14 02:46:29.307: [INFO] OnDoneLoading sync enabled: 0
2026-01-14 19:47:00.213: [INFO] OnDoneLoading sync enabled: 0
2026-01-16 11:39:52.495: [INFO] OnDoneLoading sync enabled: 0
2026-01-18 15:15:14.190: [INFO] OnDoneLoading sync enabled: 0
2026-01-20 02:20:27.061: [INFO] OnDoneLoading sync enabled: 0
2026-01-24 02:43:07.152: [INFO] OnDoneLoading sync enabled: 0
2026-01-24 02:49:29.496: [INFO] OnDoneLoading sync enabled: 0
2026-01-24 02:53:19.846: [INFO] OnDoneLoading sync enabled: 0
2026-01-24 03:21:26.868: [INFO] OnDoneLoading sync enabled: 0
2026-01-24 03:23:01.155: [INFO] OnDoneLoading sync enabled: 0
2026-01-24 03:24:25.369: [INFO] OnDoneLoading sync enabled: 0
2026-01-25 19:08:39.928: [INFO] OnDoneLoading sync enabled: 0
2026-01-25 19:37:15.240: [INFO] OnDoneLoading sync enabled: 0
2026-01-25 19:59:07.132: [INFO] OnDoneLoading sync enabled: 0
2026-01-25 20:10:23.307: [INFO] OnDoneLoading sync enabled: 0
2026-01-27 21:20:46.785: [INFO] OnDoneLoading sync enabled: 0
2026-01-27 21:24:26.251: [INFO] OnDoneLoading sync enabled: 0
2026-01-29 02:19:19.543: [INFO] OnDoneLoading sync enabled: 0
2026-01-29 02:23:55.618: [INFO] OnDoneLoading sync enabled: 0
2026-01-29 02:27:25.554: [INFO] OnDoneLoading sync enabled: 0
2026-01-29 02:28:04.393: [INFO] OnDoneLoading sync enabled: 0
2026-01-29 02:28:36.394: [INFO] OnDoneLoading sync enabled: 0
2026-01-29 02:34:11.143: [INFO] OnDoneLoading sync enabled: 0
2026-01-30 14:07:42.511: [INFO] OnDoneLoading sync enabled: 0
2026-01-30 14:07:51.871: [INFO] OnDoneLoading sync enabled: 0
2026-01-30 14:10:52.213: [INFO] OnDoneLoading sync enabled: 0
2026-01-30 14:39:25.425: [INFO] OnDoneLoading sync enabled: 0
2026-01-30 14:40:22.848: [INFO] OnDoneLoading sync enabled: 0
2026-01-30 14:40:33.794: [INFO] OnDoneLoading sync enabled: 0
2026-01-30 14:41:30.133: [INFO] OnDoneLoading sync enabled: 0
2026-01-30 14:59:33.712: [INFO] OnDoneLoading sync enabled: 0
2026-02-03 02:56:02.598: [INFO] OnDoneLoading sync enabled: 0
2026-02-03 02:56:57.040: [INFO] OnDoneLoading sync enabled: 0
2026-02-04 18:15:00.698: [INFO] OnDoneLoading sync enabled: 0
2026-02-04 18:38:00.900: [INFO] OnDoneLoading sync enabled: 0
2026-02-06 02:38:37.605: [INFO] OnDoneLoading sync enabled: 0
2026-02-06 02:38:42.728: [INFO] OnDoneLoading sync enabled: 0
2026-02-06 02:41:25.588: [INFO] OnDoneLoading sync enabled: 0
2026-02-06 02:42:41.668: [INFO] OnDoneLoading sync enabled: 0
2026-02-06 13:48:50.186: [INFO] OnDoneLoading sync enabled: 0
2026-02-06 13:51:16.446: [INFO] OnDoneLoading sync enabled: 0
2026-02-06 14:00:18.241: [INFO] OnDoneLoading sync enabled: 0
2026-02-06 14:00:39.654: [INFO] OnDoneLoading sync enabled: 0
2026-02-06 14:01:19.346: [INFO] OnDoneLoading sync enabled: 0
2026-02-06 14:17:18.889: [INFO] OnDoneLoading sync enabled: 0
2026-02-07 14:22:17.319: [INFO] OnDoneLoading sync enabled: 0
2026-02-15 01:42:43.820: [INFO] OnDoneLoading sync enabled: 0
2026-02-15 01:46:10.401: [INFO] OnDoneLoading sync enabled: 0
2026-02-18 13:41:00.901: [INFO] OnDoneLoading sync enabled: 0
2026-02-19 01:36:51.237: [INFO] OnDoneLoading sync enabled: 0
2026-02-19 01:39:24.281: [INFO] OnDoneLoading sync enabled: 0
2026-02-19 02:09:28.743: [INFO] OnDoneLoading sync enabled: 0
2026-02-19 02:10:19.843: [INFO] OnDoneLoading sync enabled: 0
2026-02-19 02:13:59.288: [INFO] OnDoneLoading sync enabled: 0
2026-02-21 18:40:10.145: [INFO] OnDoneLoading sync enabled: 0
2026-02-21 18:49:59.121: [INFO] OnDoneLoading sync enabled: 0
2026-02-21 18:50:32.629: [INFO] OnDoneLoading sync enabled: 0
2026-02-22 17:56:58.819: [INFO] OnDoneLoading sync enabled: 0
2026-02-23 12:27:57.585: [INFO] OnDoneLoading sync enabled: 0
2026-02-23 13:47:56.903: [INFO] OnDoneLoading sync enabled: 0
2026-02-23 13:51:44.007: [INFO] OnDoneLoading sync enabled: 0
2026-02-24 15:02:37.855: [INFO] OnDoneLoading sync enabled: 0
2026-02-24 15:02:40.727: [INFO] OnDoneLoading sync enabled: 0
2026-02-24 15:04:19.516: [INFO] OnDoneLoading sync enabled: 0
2026-02-24 15:07:37.705: [INFO] OnDoneLoading sync enabled: 0
2026-02-24 15:12:51.806: [INFO] OnDoneLoading sync enabled: 0
2026-02-24 19:33:12.137: [INFO] OnDoneLoading sync enabled: 0
2026-02-24 20:54:37.891: [INFO] OnDoneLoading sync enabled: 0
2026-02-26 03:06:35.047: [INFO] OnDoneLoading sync enabled: 0
2026-02-27 02:27:26.359: [INFO] OnDoneLoading sync enabled: 0
2026-02-27 02:53:33.198: [INFO] OnDoneLoading sync enabled: 0
2026-02-28 20:27:53.313: [INFO] OnDoneLoading sync enabled: 0
2026-02-28 20:35:24.819: [INFO] OnDoneLoading sync enabled: 0
2026-02-28 20:39:41.590: [INFO] OnDoneLoading sync enabled: 0
2026-02-28 20:43:08.600: [INFO] OnDoneLoading sync enabled: 0
2026-02-28 21:48:49.011: [INFO] OnDoneLoading sync enabled: 0
2026-02-28 21:49:47.242: [INFO] OnDoneLoading sync enabled: 0
2026-02-28 21:52:29.097: [INFO] OnDoneLoading sync enabled: 0
2026-02-28 22:12:22.672: [INFO] OnDoneLoading sync enabled: 0
2026-03-02 20:17:38.927: [INFO] OnDoneLoading sync enabled: 0
2026-03-02 20:17:46.947: [INFO] OnDoneLoading sync enabled: 0
2026-03-02 20:19:38.585: [INFO] OnDoneLoading sync enabled: 0
2026-03-03 03:04:59.570: [INFO] OnDoneLoading sync enabled: 0
2026-03-03 03:10:29.276: [INFO] OnDoneLoading sync enabled: 0
2026-03-05 01:52:35.805: [INFO] OnDoneLoading sync enabled: 0
2026-03-06 18:23:47.732: [INFO] OnDoneLoading sync enabled: 0
2026-03-06 18:25:00.925: [INFO] OnDoneLoading sync enabled: 0
2026-03-06 19:00:39.753: [INFO] OnDoneLoading sync enabled: 0
2026-03-06 19:36:12.170: [INFO] OnDoneLoading sync enabled: 0
2026-03-18 02:51:53.089: [INFO] OnDoneLoading sync enabled: 0
2026-03-18 02:59:01.161: [INFO] OnDoneLoading sync enabled: 0
2026-03-19 01:44:30.963: [INFO] OnDoneLoading sync enabled: 0
2026-03-19 01:44:49.740: [INFO] OnDoneLoading sync enabled: 0
2026-03-20 02:28:35.241: [INFO] OnDoneLoading sync enabled: 0
2026-03-21 01:48:21.610: [INFO] OnDoneLoading sync enabled: 0
2026-03-21 19:17:11.936: [INFO] OnDoneLoading sync enabled: 0
2026-03-24 02:46:35.407: [INFO] OnDoneLoading sync enabled: 0
2026-05-20 00:22:51.650: [INFO] OnDoneLoading sync enabled: 0
2026-05-20 00:23:41.830: [INFO] OnDoneLoading sync enabled: 0
2026-05-20 00:24:26.659: [INFO] OnDoneLoading sync enabled: 0
2026-05-20 00:27:32.581: [INFO] OnDoneLoading sync enabled: 0
2026-05-20 00:30:24.245: [INFO] OnDoneLoading sync enabled: 0
2026-05-20 00:32:52.593: [INFO] OnDoneLoading sync enabled: 0
2026-05-20 00:33:10.140: [INFO] OnDoneLoading sync enabled: 0
2026-05-20 00:33:56.593: [INFO] OnDoneLoading sync enabled: 0
2026-05-20 00:42:02.718: [INFO] OnDoneLoading sync enabled: 0
2026-05-20 00:53:31.034: [INFO] OnDoneLoading sync enabled: 0
2026-05-20 01:39:37.483: [INFO] OnDoneLoading sync enabled: 0
2026-05-20 01:41:47.396: [INFO] OnDoneLoading sync enabled: 0
2026-05-20 01:45:08.099: [INFO] OnDoneLoading sync enabled: 0
2026-05-20 01:45:54.081: [INFO] OnDoneLoading sync enabled: 0
2026-05-20 01:59:14.268: [INFO] OnDoneLoading sync enabled: 0
2026-05-29 02:17:38.085: [INFO] OnDoneLoading sync enabled: 0
2026-05-29 02:22:23.806: [INFO] OnDoneLoading sync enabled: 0
2026-05-29 02:30:41.462: [INFO] OnDoneLoading sync enabled: 0
2026-05-30 19:20:28.889: [INFO] OnDoneLoading sync enabled: 0
2026-05-30 19:21:35.983: [INFO] OnDoneLoading sync enabled: 0
2026-05-30 19:46:42.070: [INFO] OnDoneLoading sync enabled: 0
2026-05-30 19:47:33.002: [INFO] OnDoneLoading sync enabled: 0
2026-05-30 21:05:55.824: [INFO] OnDoneLoading sync enabled: 0
2026-06-02 14:50:28.727: [INFO] OnDoneLoading sync enabled: 0
2026-06-02 15:05:29.894: [INFO] OnDoneLoading sync enabled: 0
2026-06-02 15:07:07.401: [INFO] OnDoneLoading sync enabled: 0
2026-06-02 15:29:15.489: [INFO] OnDoneLoading sync enabled: 0
2026-06-02 15:54:55.156: [INFO] OnDoneLoading sync enabled: 0
2026-06-02 23:21:42.183: [INFO] OnDoneLoading sync enabled: 0
2026-06-02 23:21:55.944: [INFO] OnDoneLoading sync enabled: 0
2026-06-02 23:26:51.934: [INFO] OnDoneLoading sync enabled: 0
2026-06-02 23:32:46.982: [INFO] OnDoneLoading sync enabled: 0
2026-06-02 23:34:38.031: [INFO] OnDoneLoading sync enabled: 0
2026-06-02 23:36:32.192: [INFO] OnDoneLoading sync enabled: 0
2026-06-02 23:38:09.248: [INFO] OnDoneLoading sync enabled: 0
2026-06-03 02:27:37.088: [INFO] OnDoneLoading sync enabled: 0
2026-06-03 02:40:46.788: [INFO] OnDoneLoading sync enabled: 0
2026-06-03 02:42:41.956: [INFO] OnDoneLoading sync enabled: 0
2026-06-03 02:42:42.640: [INFO] OnDoneLoading sync enabled: 0
2026-06-03 02:44:41.810: [INFO] OnDoneLoading sync enabled: 0
2026-06-03 02:47:04.846: [INFO] OnDoneLoading sync enabled: 0
2026-06-03 02:47:19.515: [INFO] OnDoneLoading sync enabled: 0
2026-06-04 02:01:26.862: [INFO] OnDoneLoading sync enabled: 0
2026-06-04 02:01:48.372: [INFO] OnDoneLoading sync enabled: 0
2026-06-16 20:12:03.168: [INFO] OnDoneLoading sync enabled: 0
2026-06-16 20:21:47.866: [INFO] OnDoneLoading sync enabled: 0
2026-06-16 20:22:16.724: [INFO] OnDoneLoading sync enabled: 0
2026-06-16 20:22:44.594: [INFO] OnDoneLoading sync enabled: 0
2026-06-16 21:03:37.342: [INFO] OnDoneLoading sync enabled: 0
2026-06-24 18:16:12.615: [INFO] OnDoneLoading sync enabled: 0
2026-06-28 19:33:35.929: [INFO] OnDoneLoading sync enabled: 0
2026-06-28 23:58:23.140: [INFO] OnDoneLoading sync enabled: 0
2026-06-28 23:59:58.696: [INFO] OnDoneLoading sync enabled: 0
2026-06-29 21:37:10.835: [INFO] OnDoneLoading sync enabled: 0
2026-06-29 21:50:25.942: [INFO] OnDoneLoading sync enabled: 0
2026-06-29 22:16:04.047: [INFO] OnDoneLoading sync enabled: 0
2026-06-29 22:16:07.083: [INFO] OnDoneLoading sync enabled: 0
2026-06-29 22:19:38.120: [INFO] OnDoneLoading sync enabled: 0
2026-06-29 22:19:40.330: [INFO] OnDoneLoading sync enabled: 0
2026-06-29 22:47:08.809: [INFO] OnDoneLoading sync enabled: 0
2026-06-29 22:50:55.234: [INFO] OnDoneLoading sync enabled: 0
2026-06-29 23:38:27.412: [INFO] OnDoneLoading sync enabled: 0
2026-07-09 02:34:16.614: [INFO] OnDoneLoading sync enabled: 0
2026-07-09 02:36:44.164: [INFO] OnDoneLoading sync enabled: 0
2026-07-11 02:16:08.920: [INFO] OnDoneLoading sync enabled: 0
2026-07-11 02:16:59.285: [INFO] OnDoneLoading sync enabled: 0
2026-07-11 02:17:14.758: [INFO] OnDoneLoading sync enabled: 0
2026-07-12 19:36:20.670: [INFO] OnDoneLoading sync enabled: 0
2026-07-18 16:28:08.098: [INFO] OnDoneLoading sync enabled: 0
2026-08-22 02:28:26.881: [INFO] CurrentProfilePath: C:\ws-eclipse\.metadata\.plugins\org.eclipse.swt\EBWebView\Default
2026-08-22 02:28:26.881: [INFO] Profiles total count: 1
2026-08-22 02:28:26.882: [INFO] Profile: name=Perfil 1 path=C:\ws-eclipse\.metadata\.plugins\org.eclipse.swt\EBWebView\Default lastActive=2026-02-22T19:10:36.890Z
2026-08-22 02:28:26.882: [INFO] LastUsedProfileDir: C:\ws-eclipse\.metadata\.plugins\org.eclipse.swt\EBWebView\Default
2026-08-22 02:28:26.882: [INFO] MostRecentlyActiveProfile: name=Perfil 1 path=C:\ws-eclipse\.metadata\.plugins\org.eclipse.swt\EBWebView\Default lastActive=2026-02-22T19:10:36.890Z
2026-08-22 02:28:26.882: [INFO] OnDoneLoading sync enabled: 0
2026-08-22 02:28:26.882: [INFO] BookmarkModelLoaded, ids_reassigned: 0
2026-08-22 02:28:26.882: [INFO] BookmarksLoadDropped droppedNodes=0
2026-08-22 02:28:26.882: [INFO] BookmarksSnapshot Startup total=0 bar=0 other=0 mobile=0 showBar=0 showBarNTP=1
2026-08-22 02:28:27.076: [INFO] BookmarksSnapshot Shutdown total=0 bar=0 other=0 mobile=0 showBar=0 showBarNTP=1
2026-08-22 02:31:01.750: [INFO] CurrentProfilePath: C:\ws-eclipse\.metadata\.plugins\org.eclipse.swt\EBWebView\Default
2026-08-22 02:31:01.750: [INFO] Profiles total count: 1
2026-08-22 02:31:01.750: [INFO] Profile: name=Perfil 1 path=C:\ws-eclipse\.metadata\.plugins\org.eclipse.swt\EBWebView\Default lastActive=2026-02-22T19:10:36.890Z
2026-08-22 02:31:01.750: [INFO] LastUsedProfileDir: C:\ws-eclipse\.metadata\.plugins\org.eclipse.swt\EBWebView\Default
2026-08-22 02:31:01.750: [INFO] MostRecentlyActiveProfile: name=Perfil 1 path=C:\ws-eclipse\.metadata\.plugins\org.eclipse.swt\EBWebView\Default lastActive=2026-02-22T19:10:36.890Z
2026-08-22 02:31:01.750: [INFO] OnDoneLoading sync enabled: 0
2026-08-22 02:31:01.750: [INFO] BookmarkModelLoaded, ids_reassigned: 0
2026-08-22 02:31:01.750: [INFO] BookmarksLoadDropped droppedNodes=0
2026-08-22 02:31:01.750: [INFO] BookmarksSnapshot Startup total=0 bar=0 other=0 mobile=0 showBar=0 showBarNTP=1
2026-08-22 02:31:01.941: [INFO] BookmarksSnapshot Shutdown total=0 bar=0 other=0 mobile=0 showBar=0 showBarNTP=1
2026-08-22 02:42:28.467: [INFO] CurrentProfilePath: C:\ws-eclipse\.metadata\.plugins\org.eclipse.swt\EBWebView\Default
2026-08-22 02:42:28.467: [INFO] Profiles total count: 1
2026-08-22 02:42:28.467: [INFO] Profile: name=Perfil 1 path=C:\ws-eclipse\.metadata\.plugins\org.eclipse.swt\EBWebView\Default lastActive=2026-02-22T19:10:36.890Z
2026-08-22 02:42:28.467: [INFO] LastUsedProfileDir: C:\ws-eclipse\.metadata\.plugins\org.eclipse.swt\EBWebView\Default
2026-08-22 02:42:28.467: [INFO] MostRecentlyActiveProfile: name=Perfil 1 path=C:\ws-eclipse\.metadata\.plugins\org.eclipse.swt\EBWebView\Default lastActive=2026-02-22T19:10:36.890Z
2026-08-22 02:42:28.468: [INFO] OnDoneLoading sync enabled: 0
2026-08-22 02:42:28.468: [INFO] BookmarkModelLoaded, ids_reassigned: 0
2026-08-22 02:42:28.468: [INFO] BookmarksLoadDropped droppedNodes=0
2026-08-22 02:42:28.468: [INFO] BookmarksSnapshot Startup total=0 bar=0 other=0 mobile=0 showBar=0 showBarNTP=1
2026-08-22 02:42:32.432: [INFO] BookmarksSnapshot Shutdown total=0 bar=0 other=0 mobile=0 showBar=0 showBarNTP=1
2026-08-22 02:42:49.288: [INFO] CurrentProfilePath: C:\ws-eclipse\.metadata\.plugins\org.eclipse.swt\EBWebView\Default
2026-08-22 02:42:49.288: [INFO] Profiles total count: 1
2026-08-22 02:42:49.289: [INFO] Profile: name=Perfil 1 path=C:\ws-eclipse\.metadata\.plugins\org.eclipse.swt\EBWebView\Default lastActive=2026-02-22T19:10:36.890Z
2026-08-22 02:42:49.289: [INFO] LastUsedProfileDir: C:\ws-eclipse\.metadata\.plugins\org.eclipse.swt\EBWebView\Default
2026-08-22 02:42:49.289: [INFO] MostRecentlyActiveProfile: name=Perfil 1 path=C:\ws-eclipse\.metadata\.plugins\org.eclipse.swt\EBWebView\Default lastActive=2026-02-22T19:10:36.890Z
2026-08-22 02:42:49.289: [INFO] OnDoneLoading sync enabled: 0
2026-08-22 02:42:49.289: [INFO] BookmarkModelLoaded, ids_reassigned: 0
2026-08-22 02:42:49.289: [INFO] BookmarksLoadDropped droppedNodes=0
2026-08-22 02:42:49.289: [INFO] BookmarksSnapshot Startup total=0 bar=0 other=0 mobile=0 showBar=0 showBarNTP=1
2026-08-22 02:42:53.927: [INFO] BookmarksSnapshot Shutdown total=0 bar=0 other=0 mobile=0 showBar=0 showBarNTP=1
2026-08-22 02:42:56.883: [INFO] CurrentProfilePath: C:\ws-eclipse\.metadata\.plugins\org.eclipse.swt\EBWebView\Default
2026-08-22 02:42:56.883: [INFO] Profiles total count: 1
2026-08-22 02:42:56.883: [INFO] Profile: name=Perfil 1 path=C:\ws-eclipse\.metadata\.plugins\org.eclipse.swt\EBWebView\Default lastActive=2026-02-22T19:10:36.890Z
2026-08-22 02:42:56.883: [INFO] LastUsedProfileDir: C:\ws-eclipse\.metadata\.plugins\org.eclipse.swt\EBWebView\Default
2026-08-22 02:42:56.883: [INFO] MostRecentlyActiveProfile: name=Perfil 1 path=C:\ws-eclipse\.metadata\.plugins\org.eclipse.swt\EBWebView\Default lastActive=2026-02-22T19:10:36.890Z
2026-08-22 02:42:56.883: [INFO] OnDoneLoading sync enabled: 0
2026-08-22 02:42:56.883: [INFO] BookmarkModelLoaded, ids_reassigned: 0
2026-08-22 02:42:56.883: [INFO] BookmarksLoadDropped droppedNodes=0
2026-08-22 02:42:56.883: [INFO] BookmarksSnapshot Startup total=0 bar=0 other=0 mobile=0 showBar=0 showBarNTP=1
2026-08-22 02:42:59.661: [INFO] BookmarksSnapshot Shutdown total=0 bar=0 other=0 mobile=0 showBar=0 showBarNTP=1
2026-08-22 02:46:49.116: [INFO] CurrentProfilePath: C:\ws-eclipse\.metadata\.plugins\org.eclipse.swt\EBWebView\Default
2026-08-22 02:46:49.116: [INFO] Profiles total count: 1
2026-08-22 02:46:49.117: [INFO] Profile: name=Perfil 1 path=C:\ws-eclipse\.metadata\.plugins\org.eclipse.swt\EBWebView\Default lastActive=2026-02-22T19:10:36.890Z
2026-08-22 02:46:49.117: [INFO] LastUsedProfileDir: C:\ws-eclipse\.metadata\.plugins\org.eclipse.swt\EBWebView\Default
2026-08-22 02:46:49.117: [INFO] MostRecentlyActiveProfile: name=Perfil 1 path=C:\ws-eclipse\.metadata\.plugins\org.eclipse.swt\EBWebView\Default lastActive=2026-02-22T19:10:36.890Z
2026-08-22 02:46:49.117: [INFO] OnDoneLoading sync enabled: 0
2026-08-22 02:46:49.117: [INFO] BookmarkModelLoaded, ids_reassigned: 0
2026-08-22 02:46:49.117: [INFO] BookmarksLoadDropped droppedNodes=0
2026-08-22 02:46:49.117: [INFO] BookmarksSnapshot Startup total=0 bar=0 other=0 mobile=0 showBar=0 showBarNTP=1
2026-08-22 02:56:29.583: [INFO] BookmarksSnapshot Shutdown total=0 bar=0 other=0 mobile=0 showBar=0 showBarNTP=1
2026-08-23 19:23:16.540: [INFO] CurrentProfilePath: C:\ws-eclipse\.metadata\.plugins\org.eclipse.swt\EBWebView\Default
2026-08-23 19:23:16.540: [INFO] Profiles total count: 1
2026-08-23 19:23:16.540: [INFO] Profile: name=Perfil 1 path=C:\ws-eclipse\.metadata\.plugins\org.eclipse.swt\EBWebView\Default lastActive=2026-02-22T19:10:36.890Z
2026-08-23 19:23:16.540: [INFO] LastUsedProfileDir: C:\ws-eclipse\.metadata\.plugins\org.eclipse.swt\EBWebView\Default
2026-08-23 19:23:16.540: [INFO] MostRecentlyActiveProfile: name=Perfil 1 path=C:\ws-eclipse\.metadata\.plugins\org.eclipse.swt\EBWebView\Default lastActive=2026-02-22T19:10:36.890Z
2026-08-23 19:23:16.540: [INFO] OnDoneLoading sync enabled: 0
2026-08-23 19:23:16.540: [INFO] BookmarkModelLoaded, ids_reassigned: 0
2026-08-23 19:23:16.540: [INFO] BookmarksLoadDropped droppedNodes=0
2026-08-23 19:23:16.540: [INFO] BookmarksSnapshot Startup total=0 bar=0 other=0 mobile=0 showBar=0 showBarNTP=1
2026-08-23 19:24:17.353: [INFO] BookmarksSnapshot Shutdown total=0 bar=0 other=0 mobile=0 showBar=0 showBarNTP=1
2026-08-23 19:27:35.673: [INFO] CurrentProfilePath: C:\ws-eclipse\.metadata\.plugins\org.eclipse.swt\EBWebView\Default
2026-08-23 19:27:35.673: [INFO] Profiles total count: 1
2026-08-23 19:27:35.673: [INFO] Profile: name=Perfil 1 path=C:\ws-eclipse\.metadata\.plugins\org.eclipse.swt\EBWebView\Default lastActive=2026-02-22T19:10:36.890Z
2026-08-23 19:27:35.673: [INFO] LastUsedProfileDir: C:\ws-eclipse\.metadata\.plugins\org.eclipse.swt\EBWebView\Default
2026-08-23 19:27:35.673: [INFO] MostRecentlyActiveProfile: name=Perfil 1 path=C:\ws-eclipse\.metadata\.plugins\org.eclipse.swt\EBWebView\Default lastActive=2026-02-22T19:10:36.890Z
2026-08-23 19:27:35.673: [INFO] OnDoneLoading sync enabled: 0
2026-08-23 19:27:35.673: [INFO] BookmarkModelLoaded, ids_reassigned: 0
2026-08-23 19:27:35.673: [INFO] BookmarksLoadDropped droppedNodes=0
2026-08-23 19:27:35.673: [INFO] BookmarksSnapshot Startup total=0 bar=0 other=0 mobile=0 showBar=0 showBarNTP=1
2026-08-23 19:27:39.004: [INFO] BookmarksSnapshot Shutdown total=0 bar=0 other=0 mobile=0 showBar=0 showBarNTP=1
2026-08-23 19:27:50.021: [INFO] CurrentProfilePath: C:\ws-eclipse\.metadata\.plugins\org.eclipse.swt\EBWebView\Default
2026-08-23 19:27:50.021: [INFO] Profiles total count: 1
2026-08-23 19:27:50.021: [INFO] Profile: name=Perfil 1 path=C:\ws-eclipse\.metadata\.plugins\org.eclipse.swt\EBWebView\Default lastActive=2026-02-22T19:10:36.890Z
2026-08-23 19:27:50.021: [INFO] LastUsedProfileDir: C:\ws-eclipse\.metadata\.plugins\org.eclipse.swt\EBWebView\Default
2026-08-23 19:27:50.021: [INFO] MostRecentlyActiveProfile: name=Perfil 1 path=C:\ws-eclipse\.metadata\.plugins\org.eclipse.swt\EBWebView\Default lastActive=2026-02-22T19:10:36.890Z
2026-08-23 19:27:50.021: [INFO] OnDoneLoading sync enabled: 0
2026-08-23 19:27:50.021: [INFO] BookmarkModelLoaded, ids_reassigned: 0
2026-08-23 19:27:50.021: [INFO] BookmarksLoadDropped droppedNodes=0
2026-08-23 19:27:50.021: [INFO] BookmarksSnapshot Startup total=0 bar=0 other=0 mobile=0 showBar=0 showBarNTP=1
2026-08-23 19:27:56.241: [INFO] BookmarksSnapshot Shutdown total=0 bar=0 other=0 mobile=0 showBar=0 showBarNTP=1
2026-08-23 20:03:04.370: [INFO] CurrentProfilePath: C:\ws-eclipse\.metadata\.plugins\org.eclipse.swt\EBWebView\Default
2026-08-23 20:03:04.370: [INFO] Profiles total count: 1
2026-08-23 20:03:04.371: [INFO] Profile: name=Perfil 1 path=C:\ws-eclipse\.metadata\.plugins\org.eclipse.swt\EBWebView\Default lastActive=2026-02-22T19:10:36.890Z
2026-08-23 20:03:04.371: [INFO] LastUsedProfileDir: C:\ws-eclipse\.metadata\.plugins\org.eclipse.swt\EBWebView\Default
2026-08-23 20:03:04.371: [INFO] MostRecentlyActiveProfile: name=Perfil 1 path=C:\ws-eclipse\.metadata\.plugins\org.eclipse.swt\EBWebView\Default lastActive=2026-02-22T19:10:36.890Z
2026-08-23 20:03:04.371: [INFO] OnDoneLoading sync enabled: 0
2026-08-23 20:03:04.371: [INFO] BookmarkModelLoaded, ids_reassigned: 0
2026-08-23 20:03:04.371: [INFO] BookmarksLoadDropped droppedNodes=0
2026-08-23 20:03:04.371: [INFO] BookmarksSnapshot Startup total=0 bar=0 other=0 mobile=0 showBar=0 showBarNTP=1
2026-08-23 20:08:07.019: [INFO] BookmarksSnapshot Shutdown total=0 bar=0 other=0 mobile=0 showBar=0 showBarNTP=1
2026-08-25 00:27:40.834: [INFO] CurrentProfilePath: C:\ws-eclipse\.metadata\.plugins\org.eclipse.swt\EBWebView\Default
2026-08-25 00:27:40.834: [INFO] Profiles total count: 1
2026-08-25 00:27:40.834: [INFO] Profile: name=Perfil 1 path=C:\ws-eclipse\.metadata\.plugins\org.eclipse.swt\EBWebView\Default lastActive=2026-02-22T19:10:36.890Z
2026-08-25 00:27:40.834: [INFO] LastUsedProfileDir: C:\ws-eclipse\.metadata\.plugins\org.eclipse.swt\EBWebView\Default
2026-08-25 00:27:40.834: [INFO] MostRecentlyActiveProfile: name=Perfil 1 path=C:\ws-eclipse\.metadata\.plugins\org.eclipse.swt\EBWebView\Default lastActive=2026-02-22T19:10:36.890Z
2026-08-25 00:27:40.834: [INFO] OnDoneLoading sync enabled: 0
2026-08-25 00:27:40.834: [INFO] BookmarkModelLoaded, ids_reassigned: 0
2026-08-25 00:27:40.834: [INFO] BookmarksLoadDropped droppedNodes=0
2026-08-25 00:27:40.834: [INFO] BookmarksSnapshot Startup total=0 bar=0 other=0 mobile=0 showBar=0 showBarNTP=1
2026-08-25 00:27:48.433: [INFO] BookmarksSnapshot Shutdown total=0 bar=0 other=0 mobile=0 showBar=0 showBarNTP=1
2026-08-25 00:37:10.364: [INFO] CurrentProfilePath: C:\ws-eclipse\.metadata\.plugins\org.eclipse.swt\EBWebView\Default
2026-08-25 00:37:10.364: [INFO] Profiles total count: 1
2026-08-25 00:37:10.364: [INFO] Profile: name=Perfil 1 path=C:\ws-eclipse\.metadata\.plugins\org.eclipse.swt\EBWebView\Default lastActive=2026-02-22T19:10:36.890Z
2026-08-25 00:37:10.364: [INFO] LastUsedProfileDir: C:\ws-eclipse\.metadata\.plugins\org.eclipse.swt\EBWebView\Default
2026-08-25 00:37:10.364: [INFO] MostRecentlyActiveProfile: name=Perfil 1 path=C:\ws-eclipse\.metadata\.plugins\org.eclipse.swt\EBWebView\Default lastActive=2026-02-22T19:10:36.890Z
2026-08-25 00:37:10.364: [INFO] OnDoneLoading sync enabled: 0
2026-08-25 00:37:10.364: [INFO] BookmarkModelLoaded, ids_reassigned: 0
2026-08-25 00:37:10.364: [INFO] BookmarksLoadDropped droppedNodes=0
2026-08-25 00:37:10.364: [INFO] BookmarksSnapshot Startup total=0 bar=0 other=0 mobile=0 showBar=0 showBarNTP=1
2026-08-25 00:37:13.774: [INFO] BookmarksSnapshot Shutdown total=0 bar=0 other=0 mobile=0 showBar=0 showBarNTP=1
2026-08-25 00:41:33.725: [INFO] CurrentProfilePath: C:\ws-eclipse\.metadata\.plugins\org.eclipse.swt\EBWebView\Default
2026-08-25 00:41:33.725: [INFO] Profiles total count: 1
2026-08-25 00:41:33.726: [INFO] Profile: name=Perfil 1 path=C:\ws-eclipse\.metadata\.plugins\org.eclipse.swt\EBWebView\Default lastActive=2026-02-22T19:10:36.890Z
2026-08-25 00:41:33.726: [INFO] LastUsedProfileDir: C:\ws-eclipse\.metadata\.plugins\org.eclipse.swt\EBWebView\Default
2026-08-25 00:41:33.726: [INFO] MostRecentlyActiveProfile: name=Perfil 1 path=C:\ws-eclipse\.metadata\.plugins\org.eclipse.swt\EBWebView\Default lastActive=2026-02-22T19:10:36.890Z
2026-08-25 00:41:33.726: [INFO] OnDoneLoading sync enabled: 0
2026-08-25 00:41:33.726: [INFO] BookmarkModelLoaded, ids_reassigned: 0
2026-08-25 00:41:33.726: [INFO] BookmarksLoadDropped droppedNodes=0
2026-08-25 00:41:33.726: [INFO] BookmarksSnapshot Startup total=0 bar=0 other=0 mobile=0 showBar=0 showBarNTP=1
2026-08-25 00:41:37.142: [INFO] BookmarksSnapshot Shutdown total=0 bar=0 other=0 mobile=0 showBar=0 showBarNTP=1
2026-08-25 00:42:57.024: [INFO] CurrentProfilePath: C:\ws-eclipse\.metadata\.plugins\org.eclipse.swt\EBWebView\Default
2026-08-25 00:42:57.024: [INFO] Profiles total count: 1
2026-08-25 00:42:57.025: [INFO] Profile: name=Perfil 1 path=C:\ws-eclipse\.metadata\.plugins\org.eclipse.swt\EBWebView\Default lastActive=2026-02-22T19:10:36.890Z
2026-08-25 00:42:57.025: [INFO] LastUsedProfileDir: C:\ws-eclipse\.metadata\.plugins\org.eclipse.swt\EBWebView\Default
2026-08-25 00:42:57.025: [INFO] MostRecentlyActiveProfile: name=Perfil 1 path=C:\ws-eclipse\.metadata\.plugins\org.eclipse.swt\EBWebView\Default lastActive=2026-02-22T19:10:36.890Z
2026-08-25 00:42:57.025: [INFO] OnDoneLoading sync enabled: 0
2026-08-25 00:42:57.025: [INFO] BookmarkModelLoaded, ids_reassigned: 0
2026-08-25 00:42:57.025: [INFO] BookmarksLoadDropped droppedNodes=0
2026-08-25 00:42:57.025: [INFO] BookmarksSnapshot Startup total=0 bar=0 other=0 mobile=0 showBar=0 showBarNTP=1
2026-08-25 00:43:00.407: [INFO] BookmarksSnapshot Shutdown total=0 bar=0 other=0 mobile=0 showBar=0 showBarNTP=1
2026-08-25 00:43:25.321: [INFO] CurrentProfilePath: C:\ws-eclipse\.metadata\.plugins\org.eclipse.swt\EBWebView\Default
2026-08-25 00:43:25.321: [INFO] Profiles total count: 1
2026-08-25 00:43:25.321: [INFO] Profile: name=Perfil 1 path=C:\ws-eclipse\.metadata\.plugins\org.eclipse.swt\EBWebView\Default lastActive=2026-02-22T19:10:36.890Z
2026-08-25 00:43:25.321: [INFO] LastUsedProfileDir: C:\ws-eclipse\.metadata\.plugins\org.eclipse.swt\EBWebView\Default
2026-08-25 00:43:25.321: [INFO] MostRecentlyActiveProfile: name=Perfil 1 path=C:\ws-eclipse\.metadata\.plugins\org.eclipse.swt\EBWebView\Default lastActive=2026-02-22T19:10:36.890Z
2026-08-25 00:43:25.321: [INFO] OnDoneLoading sync enabled: 0
2026-08-25 00:43:25.321: [INFO] BookmarkModelLoaded, ids_reassigned: 0
2026-08-25 00:43:25.321: [INFO] BookmarksLoadDropped droppedNodes=0
2026-08-25 00:43:25.321: [INFO] BookmarksSnapshot Startup total=0 bar=0 other=0 mobile=0 showBar=0 showBarNTP=1
2026-08-25 00:43:29.953: [INFO] BookmarksSnapshot Shutdown total=0 bar=0 other=0 mobile=0 showBar=0 showBarNTP=1
2026-08-25 00:45:21.589: [INFO] CurrentProfilePath: C:\ws-eclipse\.metadata\.plugins\org.eclipse.swt\EBWebView\Default
2026-08-25 00:45:21.589: [INFO] Profiles total count: 1
2026-08-25 00:45:21.590: [INFO] Profile: name=Perfil 1 path=C:\ws-eclipse\.metadata\.plugins\org.eclipse.swt\EBWebView\Default lastActive=2026-02-22T19:10:36.890Z
2026-08-25 00:45:21.590: [INFO] LastUsedProfileDir: C:\ws-eclipse\.metadata\.plugins\org.eclipse.swt\EBWebView\Default
2026-08-25 00:45:21.590: [INFO] MostRecentlyActiveProfile: name=Perfil 1 path=C:\ws-eclipse\.metadata\.plugins\org.eclipse.swt\EBWebView\Default lastActive=2026-02-22T19:10:36.890Z
2026-08-25 00:45:21.590: [INFO] OnDoneLoading sync enabled: 0
2026-08-25 00:45:21.590: [INFO] BookmarkModelLoaded, ids_reassigned: 0
2026-08-25 00:45:21.590: [INFO] BookmarksLoadDropped droppedNodes=0
2026-08-25 00:45:21.590: [INFO] BookmarksSnapshot Startup total=0 bar=0 other=0 mobile=0 showBar=0 showBarNTP=1
2026-08-25 01:15:48.420: [INFO] BookmarksSnapshot Shutdown total=0 bar=0 other=0 mobile=0 showBar=0 showBarNTP=1
2026-08-25 01:15:48.493: [INFO] CurrentProfilePath: C:\ws-eclipse\.metadata\.plugins\org.eclipse.swt\EBWebView\Default
2026-08-25 01:15:48.493: [INFO] Profiles total count: 1
2026-08-25 01:15:48.493: [INFO] Profile: name=Perfil 1 path=C:\ws-eclipse\.metadata\.plugins\org.eclipse.swt\EBWebView\Default lastActive=2026-02-22T19:10:36.890Z
2026-08-25 01:15:48.493: [INFO] LastUsedProfileDir: C:\ws-eclipse\.metadata\.plugins\org.eclipse.swt\EBWebView\Default
2026-08-25 01:15:48.493: [INFO] MostRecentlyActiveProfile: name=Perfil 1 path=C:\ws-eclipse\.metadata\.plugins\org.eclipse.swt\EBWebView\Default lastActive=2026-02-22T19:10:36.890Z
2026-08-25 01:15:48.493: [INFO] OnDoneLoading sync enabled: 0
2026-08-25 01:15:48.493: [INFO] BookmarkModelLoaded, ids_reassigned: 0
2026-08-25 01:15:48.493: [INFO] BookmarksLoadDropped droppedNodes=0
2026-08-25 01:15:48.493: [INFO] BookmarksSnapshot Startup total=0 bar=0 other=0 mobile=0 showBar=0 showBarNTP=1
2026-08-25 01:16:16.023: [INFO] BookmarksSnapshot Shutdown total=0 bar=0 other=0 mobile=0 showBar=0 showBarNTP=1
2026-08-28 01:08:30.316: [INFO] CurrentProfilePath: C:\ws-eclipse\.metadata\.plugins\org.eclipse.swt\EBWebView\Default
2026-08-28 01:08:30.316: [INFO] Profiles total count: 1
2026-08-28 01:08:30.316: [INFO] Profile: name=Perfil 1 path=C:\ws-eclipse\.metadata\.plugins\org.eclipse.swt\EBWebView\Default lastActive=2026-02-22T19:10:36.890Z
2026-08-28 01:08:30.316: [INFO] LastUsedProfileDir: C:\ws-eclipse\.metadata\.plugins\org.eclipse.swt\EBWebView\Default
2026-08-28 01:08:30.316: [INFO] MostRecentlyActiveProfile: name=Perfil 1 path=C:\ws-eclipse\.metadata\.plugins\org.eclipse.swt\EBWebView\Default lastActive=2026-02-22T19:10:36.890Z
2026-08-28 01:08:30.316: [INFO] OnDoneLoading sync enabled: 0
2026-08-28 01:08:30.316: [INFO] BookmarkModelLoaded, ids_reassigned: 0
2026-08-28 01:08:30.316: [INFO] BookmarksLoadDropped droppedNodes=0
2026-08-28 01:08:30.316: [INFO] BookmarksSnapshot Startup total=0 bar=0 other=0 mobile=0 showBar=0 showBarNTP=1
2026-08-28 01:08:31.074: [INFO] BookmarksSnapshot Shutdown total=0 bar=0 other=0 mobile=0 showBar=0 showBarNTP=1
2026-08-28 01:18:29.021: [INFO] CurrentProfilePath: C:\ws-eclipse\.metadata\.plugins\org.eclipse.swt\EBWebView\Default
2026-08-28 01:18:29.021: [INFO] Profiles total count: 1
2026-08-28 01:18:29.021: [INFO] Profile: name=Perfil 1 path=C:\ws-eclipse\.metadata\.plugins\org.eclipse.swt\EBWebView\Default lastActive=2026-02-22T19:10:36.890Z
2026-08-28 01:18:29.022: [INFO] LastUsedProfileDir: C:\ws-eclipse\.metadata\.plugins\org.eclipse.swt\EBWebView\Default
2026-08-28 01:18:29.022: [INFO] MostRecentlyActiveProfile: name=Perfil 1 path=C:\ws-eclipse\.metadata\.plugins\org.eclipse.swt\EBWebView\Default lastActive=2026-02-22T19:10:36.890Z
2026-08-28 01:18:29.022: [INFO] OnDoneLoading sync enabled: 0
2026-08-28 01:18:29.022: [INFO] BookmarkModelLoaded, ids_reassigned: 0
2026-08-28 01:18:29.022: [INFO] BookmarksLoadDropped droppedNodes=0
2026-08-28 01:18:29.022: [INFO] BookmarksSnapshot Startup total=0 bar=0 other=0 mobile=0 showBar=0 showBarNTP=1
2026-08-28 01:18:33.182: [INFO] BookmarksSnapshot Shutdown total=0 bar=0 other=0 mobile=0 showBar=0 showBarNTP=1
2026-08-28 01:22:15.010: [INFO] CurrentProfilePath: C:\ws-eclipse\.metadata\.plugins\org.eclipse.swt\EBWebView\Default
2026-08-28 01:22:15.010: [INFO] Profiles total count: 1
2026-08-28 01:22:15.011: [INFO] Profile: name=Perfil 1 path=C:\ws-eclipse\.metadata\.plugins\org.eclipse.swt\EBWebView\Default lastActive=2026-02-22T19:10:36.890Z
2026-08-28 01:22:15.011: [INFO] LastUsedProfileDir: C:\ws-eclipse\.metadata\.plugins\org.eclipse.swt\EBWebView\Default
2026-08-28 01:22:15.011: [INFO] MostRecentlyActiveProfile: name=Perfil 1 path=C:\ws-eclipse\.metadata\.plugins\org.eclipse.swt\EBWebView\Default lastActive=2026-02-22T19:10:36.890Z
2026-08-28 01:22:15.011: [INFO] OnDoneLoading sync enabled: 0
2026-08-28 01:22:15.011: [INFO] BookmarkModelLoaded, ids_reassigned: 0
2026-08-28 01:22:15.011: [INFO] BookmarksLoadDropped droppedNodes=0
2026-08-28 01:22:15.011: [INFO] BookmarksSnapshot Startup total=0 bar=0 other=0 mobile=0 showBar=0 showBarNTP=1
2026-08-28 01:22:15.168: [INFO] BookmarksSnapshot Shutdown total=0 bar=0 other=0 mobile=0 showBar=0 showBarNTP=1
2026-08-29 19:19:07.425: [INFO] CurrentProfilePath: C:\ws-eclipse\.metadata\.plugins\org.eclipse.swt\EBWebView\Default
2026-08-29 19:19:07.425: [INFO] Profiles total count: 1
2026-08-29 19:19:07.426: [INFO] Profile: name=Perfil 1 path=C:\ws-eclipse\.metadata\.plugins\org.eclipse.swt\EBWebView\Default lastActive=2026-02-22T19:10:36.890Z
2026-08-29 19:19:07.426: [INFO] LastUsedProfileDir: C:\ws-eclipse\.metadata\.plugins\org.eclipse.swt\EBWebView\Default
2026-08-29 19:19:07.426: [INFO] MostRecentlyActiveProfile: name=Perfil 1 path=C:\ws-eclipse\.metadata\.plugins\org.eclipse.swt\EBWebView\Default lastActive=2026-02-22T19:10:36.890Z
2026-08-29 19:19:07.426: [INFO] OnDoneLoading sync enabled: 0
2026-08-29 19:19:07.426: [INFO] BookmarkModelLoaded, ids_reassigned: 0
2026-08-29 19:19:07.426: [INFO] BookmarksLoadDropped droppedNodes=0
2026-08-29 19:19:07.426: [INFO] BookmarksSnapshot Startup total=0 bar=0 other=0 mobile=0 showBar=0 showBarNTP=1
2026-08-29 19:19:08.777: [INFO] BookmarksSnapshot Shutdown total=0 bar=0 other=0 mobile=0 showBar=0 showBarNTP=1
2026-08-29 19:20:37.708: [INFO] CurrentProfilePath: C:\ws-eclipse\.metadata\.plugins\org.eclipse.swt\EBWebView\Default
2026-08-29 19:20:37.708: [INFO] Profiles total count: 1
2026-08-29 19:20:37.709: [INFO] Profile: name=Perfil 1 path=C:\ws-eclipse\.metadata\.plugins\org.eclipse.swt\EBWebView\Default lastActive=2026-02-22T19:10:36.890Z
2026-08-29 19:20:37.709: [INFO] LastUsedProfileDir: C:\ws-eclipse\.metadata\.plugins\org.eclipse.swt\EBWebView\Default
2026-08-29 19:20:37.709: [INFO] MostRecentlyActiveProfile: name=Perfil 1 path=C:\ws-eclipse\.metadata\.plugins\org.eclipse.swt\EBWebView\Default lastActive=2026-02-22T19:10:36.890Z
2026-08-29 19:20:37.709: [INFO] OnDoneLoading sync enabled: 0
2026-08-29 19:20:37.709: [INFO] BookmarkModelLoaded, ids_reassigned: 0
2026-08-29 19:20:37.709: [INFO] BookmarksLoadDropped droppedNodes=0
2026-08-29 19:20:37.709: [INFO] BookmarksSnapshot Startup total=0 bar=0 other=0 mobile=0 showBar=0 showBarNTP=1
2026-08-29 19:20:37.864: [INFO] BookmarksSnapshot Shutdown total=0 bar=0 other=0 mobile=0 showBar=0 showBarNTP=1
2026-08-29 19:31:25.499: [INFO] CurrentProfilePath: C:\ws-eclipse\.metadata\.plugins\org.eclipse.swt\EBWebView\Default
2026-08-29 19:31:25.499: [INFO] Profiles total count: 1
2026-08-29 19:31:25.499: [INFO] Profile: name=Perfil 1 path=C:\ws-eclipse\.metadata\.plugins\org.eclipse.swt\EBWebView\Default lastActive=2026-02-22T19:10:36.890Z
2026-08-29 19:31:25.499: [INFO] LastUsedProfileDir: C:\ws-eclipse\.metadata\.plugins\org.eclipse.swt\EBWebView\Default
2026-08-29 19:31:25.499: [INFO] MostRecentlyActiveProfile: name=Perfil 1 path=C:\ws-eclipse\.metadata\.plugins\org.eclipse.swt\EBWebView\Default lastActive=2026-02-22T19:10:36.890Z
2026-08-29 19:31:25.499: [INFO] OnDoneLoading sync enabled: 0
2026-08-29 19:31:25.499: [INFO] BookmarkModelLoaded, ids_reassigned: 0
2026-08-29 19:31:25.499: [INFO] BookmarksLoadDropped droppedNodes=0
2026-08-29 19:31:25.499: [INFO] BookmarksSnapshot Startup total=0 bar=0 other=0 mobile=0 showBar=0 showBarNTP=1
2026-08-29 19:48:29.702: [INFO] BookmarksSnapshot Shutdown total=0 bar=0 other=0 mobile=0 showBar=0 showBarNTP=1
2026-08-29 19:48:50.147: [INFO] CurrentProfilePath: C:\ws-eclipse\.metadata\.plugins\org.eclipse.swt\EBWebView\Default
2026-08-29 19:48:50.147: [INFO] Profiles total count: 1
2026-08-29 19:48:50.147: [INFO] Profile: name=Perfil 1 path=C:\ws-eclipse\.metadata\.plugins\org.eclipse.swt\EBWebView\Default lastActive=2026-02-22T19:10:36.890Z
2026-08-29 19:48:50.147: [INFO] LastUsedProfileDir: C:\ws-eclipse\.metadata\.plugins\org.eclipse.swt\EBWebView\Default
2026-08-29 19:48:50.147: [INFO] MostRecentlyActiveProfile: name=Perfil 1 path=C:\ws-eclipse\.metadata\.plugins\org.eclipse.swt\EBWebView\Default lastActive=2026-02-22T19:10:36.890Z
2026-08-29 19:48:50.148: [INFO] OnDoneLoading sync enabled: 0
2026-08-29 19:48:50.148: [INFO] BookmarkModelLoaded, ids_reassigned: 0
2026-08-29 19:48:50.148: [INFO] BookmarksLoadDropped droppedNodes=0
2026-08-29 19:48:50.148: [INFO] BookmarksSnapshot Startup total=0 bar=0 other=0 mobile=0 showBar=0 showBarNTP=1
2026-08-29 20:19:40.120: [INFO] BookmarksSnapshot Shutdown total=0 bar=0 other=0 mobile=0 showBar=0 showBarNTP=1
